// Jest Snapshot v1, https://goo.gl/fbAQLP

exports[`Instruments sum should return sum of two args  1`] = `10`;
